src/components/Launcher/Launcher.tsx(133,12): error TS6133: 'feedbackEmail' is declared but its value is never read.
src/components/Launcher/Launcher.tsx(133,27): error TS6133: 'setFeedbackEmail' is declared but its value is never read.
src/components/TopBar/PreviewModal.tsx(87,11): error TS6133: 'MAX_PREVIEW_WIDTH' is declared but its value is never read.
src/components/TopBar/PreviewModal.tsx(88,11): error TS6133: 'MAX_PREVIEW_HEIGHT' is declared but its value is never read.
src/components/TopBar/PreviewModal.tsx(107,11): error TS6133: 'scale' is declared but its value is never read.
src/components/TopBar/PreviewModal.tsx(200,64): error TS2304: Cannot find name 'renderNode'.
src/utils/ExportUtils.ts(1,38): error TS2307: Cannot find module 'html-to-image' or its corresponding type declarations.
src/utils/ExportUtils.ts(2,23): error TS2307: Cannot find module 'jspdf' or its corresponding type declarations.
src/utils/FigmaImporter.ts(68,13): error TS6133: 'rootId' is declared but its value is never read.
src/utils/SmartGuides.ts(33,15): error TS7022: 'node' implicitly has type 'any' because it does not have a type annotation and is referenced directly or indirectly in its own initializer.
src/utils/SmartGuides.ts(279,26): error TS2304: Cannot find name 'draggedRight'.
src/utils/SmartGuides.ts(280,30): error TS2304: Cannot find name 'draggedRight'.
src/utils/SmartGuides.ts(285,25): error TS2304: Cannot find name 'draggedBottom'.
src/utils/SmartGuides.ts(286,29): error TS2304: Cannot find name 'draggedBottom'.
src/utils/SmartGuides.ts(297,65): error TS2304: Cannot find name 'draggedRight'.
src/utils/SmartGuides.ts(316,66): error TS2304: Cannot find name 'draggedBottom'.
